0 verbose cli C:\Program Files\nodejs\node.exe C:\Program Files\nodejs\node_modules\npm\bin\npm-cli.js
1 info using npm@10.9.2
2 info using node@v22.13.0
3 silly config load:file:C:\Program Files\nodejs\node_modules\npm\npmrc
4 silly config load:file:C:\Projects\razorpay-recover\.npmrc
5 silly config load:file:C:\Projects\razorpay-recover\.npm-appdata\npm\etc\npmrc
6 verbose title npm create vite@latest frontend --template react-ts
7 verbose argv "create" "vite@latest" "frontend" "--" "--template" "react-ts"
8 verbose logfile logs-max:10 dir:C:\Projects\razorpay-recover\.npm-local\npm-cache\_logs\2026-09-05T14_00_18_582Z-
9 verbose logfile C:\Projects\razorpay-recover\.npm-local\npm-cache\_logs\2026-09-05T14_00_18_582Z-debug-0.log
10 silly logfile done cleaning log files
11 silly packumentCache heap:2197815296 maxSize:549453824 maxEntrySize:274726912
12 http fetch GET https://registry.npmjs.org/npm attempt 1 failed with EACCES
13 http fetch GET https://registry.npmjs.org/create-vite attempt 1 failed with EACCES
14 http fetch GET https://registry.npmjs.org/npm attempt 2 failed with EACCES
15 http fetch GET https://registry.npmjs.org/create-vite attempt 2 failed with EACCES
16 http fetch GET https://registry.npmjs.org/npm attempt 3 failed with EACCES
17 http fetch GET https://registry.npmjs.org/create-vite attempt 3 failed with EACCES
18 verbose type system
19 verbose stack FetchError: request to https://registry.npmjs.org/create-vite failed, reason: 
19 verbose stack     at ClientRequest.<anonymous> (C:\Program Files\nodejs\node_modules\npm\node_modules\minipass-fetch\lib\index.js:130:14)
19 verbose stack     at ClientRequest.emit (node:events:524:28)
19 verbose stack     at emitErrorEvent (node:_http_client:104:11)
19 verbose stack     at _destroy (node:_http_client:898:9)
19 verbose stack     at onSocketNT (node:_http_client:918:5)
19 verbose stack     at process.processTicksAndRejections (node:internal/process/task_queues:91:21)
20 error code EACCES
21 error errno EACCES
22 error FetchError: request to https://registry.npmjs.org/create-vite failed, reason: 
22 error     at ClientRequest.<anonymous> (C:\Program Files\nodejs\node_modules\npm\node_modules\minipass-fetch\lib\index.js:130:14)
22 error     at ClientRequest.emit (node:events:524:28)
22 error     at emitErrorEvent (node:_http_client:104:11)
22 error     at _destroy (node:_http_client:898:9)
22 error     at onSocketNT (node:_http_client:918:5)
22 error     at process.processTicksAndRejections (node:internal/process/task_queues:91:21) {
22 error   code: 'EACCES',
22 error   errno: 'EACCES',
22 error   type: 'system'
22 error }
23 error
23 error The operation was rejected by your operating system.
23 error It's possible that the file was already in use (by a text editor or antivirus),
23 error or that you lack permissions to access it.
23 error
23 error If you believe this might be a permissions issue, please double-check the
23 error permissions of the file and its containing directories, or try running
23 error the command again as root/Administrator.
24 verbose cwd C:\Projects\razorpay-recover
25 verbose os Windows_NT 10.0.19045
26 verbose node v22.13.0
27 verbose npm  v10.9.2
28 verbose exit 1
29 verbose code 1
30 error A complete log of this run can be found in: C:\Projects\razorpay-recover\.npm-local\npm-cache\_logs\2026-09-05T14_00_18_582Z-debug-0.log
